\BOOKMARK [1][-]{section.1}{\376\377\000I\000n\000t\000r\000o\000d\000u\000k\000t\000i\000o\000n}{}% 1
\BOOKMARK [1][-]{section.2}{\376\377\000P\000r\000o\000v\000\040\0002\0000\0001\0000}{}% 2
\BOOKMARK [2][-]{subsection.2.1}{\376\377\000U\000p\000p\000g\000i\000f\000t\000\040\0001\000:\000\040\000B\000a\000d\000k\000a\000r\000e\000t}{section.2}% 3
\BOOKMARK [2][-]{subsection.2.2}{\376\377\000U\000p\000p\000g\000i\000f\000t\000\040\0002\000:\000\040\000S\000p\000e\000c\000i\000a\000l\000o\000p\000e\000r\000a\000t\000o\000r}{section.2}% 4
\BOOKMARK [2][-]{subsection.2.3}{\376\377\000U\000p\000p\000g\000i\000f\000t\000\040\0003\000:\000\040\000S\000c\000h\000a\000c\000k\000t\000u\000r\000n\000e\000r\000i\000n\000g}{section.2}% 5
\BOOKMARK [2][-]{subsection.2.4}{\376\377\000U\000p\000p\000g\000i\000f\000t\000\040\0004\000:\000\040\000F\000y\000r\000t\000o\000r\000n\000\040\000o\000c\000h\000\040\000b\000\344\000r\000i\000n\000g}{section.2}% 6
\BOOKMARK [1][-]{section.3}{\376\377\000P\000r\000o\000v\000\040\0002\0000\0001\0001}{}% 7
\BOOKMARK [2][-]{subsection.3.1}{\376\377\000U\000p\000p\000g\000i\000f\000t\000\040\0001\000:\000\040\000S\000i\000d\000o\000n\000u\000m\000r\000e\000r\000i\000n\000g}{section.3}% 8
\BOOKMARK [2][-]{subsection.3.2}{\376\377\000U\000p\000p\000g\000i\000f\000t\000\040\0003\000:\000\040\000T\000a\000l\000s\000u\000m\000m\000a}{section.3}% 9
\BOOKMARK [1][-]{section.4}{\376\377\000P\000r\000o\000v\000\040\0002\0000\0001\0002}{}% 10
\BOOKMARK [2][-]{subsection.4.1}{\376\377\000U\000p\000p\000g\000i\000f\000t\000\040\0001\000:\000\040\000E\000k\000v\000a\000t\000i\000o\000n}{section.4}% 11
\BOOKMARK [2][-]{subsection.4.2}{\376\377\000U\000p\000p\000g\000i\000f\000t\000\040\0003\000:\000\040\000C\000i\000r\000k\000e\000l\000r\000a\000d\000i\000e}{section.4}% 12
\BOOKMARK [1][-]{section.5}{\376\377\000P\000r\000o\000v\000\040\0002\0000\0001\0003}{}% 13
\BOOKMARK [2][-]{subsection.5.1}{\376\377\000U\000p\000p\000g\000i\000f\000t\000\040\0001\000:\000\040\000V\000a\000r\000a\000n\000n\000a\000n\000\040\000j\000\344\000m\000n\000/\000u\000d\000d\000a}{section.5}% 14
\BOOKMARK [1][-]{section.6}{\376\377\000P\000r\000o\000v\000\040\0002\0000\0001\0004}{}% 15
\BOOKMARK [2][-]{subsection.6.1}{\376\377\000U\000p\000p\000g\000i\000f\000t\000\040\0001\000:\000\040\000H\000a\000l\000v\000e\000r\000i\000n\000g}{section.6}% 16
\BOOKMARK [2][-]{subsection.6.2}{\376\377\000U\000p\000p\000g\000i\000f\000t\000\040\0002\000:\000\040\000T\000a\000l\000t\000e\000o\000r\000i}{section.6}% 17
\BOOKMARK [1][-]{section.7}{\376\377\000P\000r\000o\000v\000\040\0002\0000\0001\0005}{}% 18
\BOOKMARK [2][-]{subsection.7.1}{\376\377\000U\000p\000p\000g\000i\000f\000t\000\040\0001\000:\000\040\000S\000p\000e\000l\000v\000i\000n\000s\000t\000e\000r}{section.7}% 19
\BOOKMARK [1][-]{section.8}{\376\377\000P\000r\000o\000v\000\040\0002\0000\0001\0006}{}% 20
\BOOKMARK [2][-]{subsection.8.1}{\376\377\000U\000p\000p\000g\000i\000f\000t\000\040\0001\000:\000\040\000\305\000l\000d\000e\000r}{section.8}% 21
\BOOKMARK [2][-]{subsection.8.2}{\376\377\000U\000p\000p\000g\000i\000f\000t\000\040\0005\000:\000\040\000P\000o\000t\000e\000n\000s\000l\000a\000g\000a\000r}{section.8}% 22
\BOOKMARK [1][-]{section.9}{\376\377\000P\000r\000o\000v\000\040\0002\0000\0001\0007}{}% 23
\BOOKMARK [2][-]{subsection.9.1}{\376\377\000U\000p\000p\000g\000i\000f\000t\000\040\0001\000:\000\040\000S\000u\000m\000m\000a\000\040\000o\000c\000h\000\040\000d\000i\000f\000f\000e\000r\000e\000n\000s}{section.9}% 24
\BOOKMARK [2][-]{subsection.9.2}{\376\377\000U\000p\000p\000g\000i\000f\000t\000\040\0003\000:\000\040\000G\000e\000o\000m\000e\000t\000r\000i}{section.9}% 25
\BOOKMARK [1][-]{section.10}{\376\377\000P\000r\000o\000v\000\040\0002\0000\0001\0008}{}% 26
\BOOKMARK [2][-]{subsection.10.1}{\376\377\000U\000p\000p\000g\000i\000f\000t\000\040\0001\000:\000\040\000M\000e\000d\000e\000l\000v\000\344\000r\000d\000e}{section.10}% 27
\BOOKMARK [1][-]{section.11}{\376\377\000P\000r\000o\000v\000\040\0002\0000\0001\0009}{}% 28
\BOOKMARK [2][-]{subsection.11.1}{\376\377\000U\000p\000p\000g\000i\000f\000t\000\040\0002\000:\000\040\000C\000y\000k\000l\000i\000n\000g\000\040\000\050\000H\000a\000r\000m\000o\000n\000i\000s\000k\000t\000\040\000m\000e\000d\000e\000l\000v\000\344\000r\000d\000e\000\051}{section.11}% 29
\BOOKMARK [1][-]{section.12}{\376\377\000P\000r\000o\000v\000\040\0002\0000\0002\0001}{}% 30
\BOOKMARK [2][-]{subsection.12.1}{\376\377\000U\000p\000p\000g\000i\000f\000t\000\040\0001\000:\000\040\000S\000i\000f\000f\000e\000r\000f\000l\000y\000t\000t}{section.12}% 31
\BOOKMARK [1][-]{section.13}{\376\377\000P\000r\000o\000v\000\040\0002\0000\0002\0002}{}% 32
\BOOKMARK [2][-]{subsection.13.1}{\376\377\000U\000p\000p\000g\000i\000f\000t\000\040\0001\000:\000\040\000D\000e\000l\000b\000a\000r\000h\000e\000t}{section.13}% 33
\BOOKMARK [2][-]{subsection.13.2}{\376\377\000U\000p\000p\000g\000i\000f\000t\000\040\0004\000:\000\040\000T\000a\000l\000f\000\366\000l\000j\000d}{section.13}% 34
\BOOKMARK [1][-]{section.14}{\376\377\000P\000r\000o\000v\000\040\0002\0000\0002\0003}{}% 35
\BOOKMARK [2][-]{subsection.14.1}{\376\377\000U\000p\000p\000g\000i\000f\000t\000\040\0001\000:\000\040\000T\000r\000e\000\040\000t\000a\000l}{section.14}% 36
\BOOKMARK [1][-]{section.15}{\376\377\000P\000r\000o\000v\000\040\0002\0000\0002\0004}{}% 37
\BOOKMARK [2][-]{subsection.15.1}{\376\377\000U\000p\000p\000g\000i\000f\000t\000\040\0002\000:\000\040\000R\000e\000k\000t\000a\000n\000g\000e\000l\000a\000r\000e\000a}{section.15}% 38
\BOOKMARK [1][-]{section.16}{\376\377\000P\000r\000o\000v\000\040\0002\0000\0002\0005}{}% 39
\BOOKMARK [2][-]{subsection.16.1}{\376\377\000U\000p\000p\000g\000i\000f\000t\000\040\0002\000:\000\040\000P\000r\000o\000d\000u\000k\000t\000\040\000o\000c\000h\000\040\000d\000e\000l\000b\000a\000r\000h\000e\000t}{section.16}% 40
